******************************************************************************
                  MSP430 Linker Unix v16.9.0                   
******************************************************************************
>> Linked Sun Dec 18 08:35:31 2016

OUTPUT FILE NAME:   <pumkin.out>
ENTRY POINT SYMBOL: "_c_int00_noargs_noexit"  address: 00004678


MEMORY CONFIGURATION

         name            origin    length      used     unused   attr    fill
----------------------  --------  ---------  --------  --------  ----  --------
  SFR                   00000000   00000010  00000000  00000010  RWIX
  PERIPHERALS_8BIT      00000010   000000f0  00000000  000000f0  RWIX
  PERIPHERALS_16BIT     00000100   00000100  00000000  00000100  RWIX
  INFOD                 00001800   00000080  00000000  00000080  RWIX
  INFOC                 00001880   00000080  00000010  00000070  RWIX
  INFOB                 00001900   00000080  00000000  00000080  RWIX
  INFOA                 00001980   00000080  00000000  00000080  RWIX
  USBRAM                00001c00   00000800  00000000  00000800  RWIX
  RAM                   00002400   00002000  000003cb  00001c35  RWIX
  FLASH                 00004400   0000bb80  000033e4  0000879c  RWIX
  INT00                 0000ff80   00000002  00000000  00000002  RWIX
  INT01                 0000ff82   00000002  00000000  00000002  RWIX
  INT02                 0000ff84   00000002  00000000  00000002  RWIX
  INT03                 0000ff86   00000002  00000000  00000002  RWIX
  INT04                 0000ff88   00000002  00000000  00000002  RWIX
  INT05                 0000ff8a   00000002  00000000  00000002  RWIX
  INT06                 0000ff8c   00000002  00000000  00000002  RWIX
  INT07                 0000ff8e   00000002  00000000  00000002  RWIX
  INT08                 0000ff90   00000002  00000000  00000002  RWIX
  INT09                 0000ff92   00000002  00000000  00000002  RWIX
  INT10                 0000ff94   00000002  00000000  00000002  RWIX
  INT11                 0000ff96   00000002  00000000  00000002  RWIX
  INT12                 0000ff98   00000002  00000000  00000002  RWIX
  INT13                 0000ff9a   00000002  00000000  00000002  RWIX
  INT14                 0000ff9c   00000002  00000000  00000002  RWIX
  INT15                 0000ff9e   00000002  00000000  00000002  RWIX
  INT16                 0000ffa0   00000002  00000000  00000002  RWIX
  INT17                 0000ffa2   00000002  00000000  00000002  RWIX
  INT18                 0000ffa4   00000002  00000000  00000002  RWIX
  INT19                 0000ffa6   00000002  00000000  00000002  RWIX
  INT20                 0000ffa8   00000002  00000000  00000002  RWIX
  INT21                 0000ffaa   00000002  00000000  00000002  RWIX
  INT22                 0000ffac   00000002  00000000  00000002  RWIX
  INT23                 0000ffae   00000002  00000000  00000002  RWIX
  INT24                 0000ffb0   00000002  00000000  00000002  RWIX
  INT25                 0000ffb2   00000002  00000000  00000002  RWIX
  INT26                 0000ffb4   00000002  00000000  00000002  RWIX
  INT27                 0000ffb6   00000002  00000000  00000002  RWIX
  INT28                 0000ffb8   00000002  00000000  00000002  RWIX
  INT29                 0000ffba   00000002  00000000  00000002  RWIX
  INT30                 0000ffbc   00000002  00000000  00000002  RWIX
  INT31                 0000ffbe   00000002  00000000  00000002  RWIX
  INT32                 0000ffc0   00000002  00000000  00000002  RWIX
  INT33                 0000ffc2   00000002  00000000  00000002  RWIX
  INT34                 0000ffc4   00000002  00000000  00000002  RWIX
  INT35                 0000ffc6   00000002  00000000  00000002  RWIX
  INT36                 0000ffc8   00000002  00000000  00000002  RWIX
  INT37                 0000ffca   00000002  00000000  00000002  RWIX
  INT38                 0000ffcc   00000002  00000000  00000002  RWIX
  INT39                 0000ffce   00000002  00000000  00000002  RWIX
  INT40                 0000ffd0   00000002  00000000  00000002  RWIX
  INT41                 0000ffd2   00000002  00000002  00000000  RWIX
  INT42                 0000ffd4   00000002  00000002  00000000  RWIX
  INT43                 0000ffd6   00000002  00000002  00000000  RWIX
  INT44                 0000ffd8   00000002  00000002  00000000  RWIX
  INT45                 0000ffda   00000002  00000002  00000000  RWIX
  INT46                 0000ffdc   00000002  00000002  00000000  RWIX
  INT47                 0000ffde   00000002  00000002  00000000  RWIX
  INT48                 0000ffe0   00000002  00000002  00000000  RWIX
  INT49                 0000ffe2   00000002  00000002  00000000  RWIX
  INT50                 0000ffe4   00000002  00000002  00000000  RWIX
  INT51                 0000ffe6   00000002  00000002  00000000  RWIX
  INT52                 0000ffe8   00000002  00000002  00000000  RWIX
  INT53                 0000ffea   00000002  00000002  00000000  RWIX
  INT54                 0000ffec   00000002  00000002  00000000  RWIX
  INT55                 0000ffee   00000002  00000002  00000000  RWIX
  INT56                 0000fff0   00000002  00000002  00000000  RWIX
  INT57                 0000fff2   00000002  00000002  00000000  RWIX
  INT58                 0000fff4   00000002  00000002  00000000  RWIX
  INT59                 0000fff6   00000002  00000002  00000000  RWIX
  INT60                 0000fff8   00000002  00000002  00000000  RWIX
  INT61                 0000fffa   00000002  00000002  00000000  RWIX
  INT62                 0000fffc   00000002  00000002  00000000  RWIX
  RESET                 0000fffe   00000002  00000002  00000000  RWIX
  FLASH2                00010000   00014400  00000000  00014400  RWIX


SECTION ALLOCATION MAP

 output                                  attributes/
section   page    origin      length       input sections
--------  ----  ----------  ----------   ----------------
.bss       0    00002400    0000029d     UNINITIALIZED
                  00002400    00000118     host_interface.obj (.bss:packet_tasks)
                  00002518    00000064     (.common:espRxBuf)
                  0000257c    00000064     (.common:espTxBuf)
                  000025e0    00000022     (.common:abramSerialStringDescriptor)
                  00002602    0000001a     UsbCdc.obj (.bss:CdcReadCtrl)
                  0000261c    00000012     i2c.obj (.bss)
                  0000262e    00000010     host_interface.obj (.bss:serial)
                  0000263e    0000000e     host_menu.obj (.bss:item_home)
                  0000264c    0000000c     UsbCdc.obj (.bss:CdcWriteCtrl)
                  00002658    0000000b     usb.obj (.bss)
                  00002663    00000001     LDC13xx16xx_evm.obj (.bss)
                  00002664    00000008     UsbCdc.obj (.bss:CdcControl)
                  0000266c    00000008     (.common:abUsbRequestIncomingData)
                  00002674    00000008     (.common:abUsbRequestReturnData)
                  0000267c    00000006     host_interface.obj (.bss)
                  00002682    00000004     (.common:HOST_CONTROLLER_TYPE)
                  00002686    00000004     (.common:USB_RX_memcpy)
                  0000268a    00000004     (.common:USB_TX_memcpy)
                  0000268e    00000004     (.common:timer_ticks)
                  00002692    00000002     host_menu.obj (.bss)
                  00002694    00000002     (.common:wBytesRemainingOnIEP0)
                  00002696    00000002     (.common:wBytesRemainingOnOEP0)
                  00002698    00000002     (.common:wUsbEventMask)
                  0000269a    00000001     (.common:bStatusAction)
                  0000269b    00000001     (.common:default_addr)
                  0000269c    00000001     (.common:espComsStatus)

.data      0    0000269e    0000008e     UNINITIALIZED
                  0000269e    00000062     host_interface.obj (.data:menu_items)
                  00002700    00000010     scheduler.obj (.data)
                  00002710    00000008     host_menu.obj (.data)
                  00002718    00000008     usb.obj (.data)
                  00002720    00000004     host_interface.obj (.data:HOST_FIRMWARE_VERSION)
                  00002724    00000004     main.obj (.data)
                  00002728    00000003     espComs.obj (.data)
                  0000272b    00000001     LDC13xx16xx_evm.obj (.data)

.stack     0    00004360    000000a0     UNINITIALIZED
                  00004360    00000004     rts430x_lc_rd_eabi.lib : boot.obj (.stack)
                  00004364    0000009c     --HOLE--

.text:_isr 
*          0    00004400    000002bc     
                  00004400    00000138     UsbIsr.obj (.text:_isr:iUsbInterruptHandler)
                  00004538    000000dc     i2c.obj (.text:_isr:USCI_B1_ISR)
                  00004614    00000064     uart.obj (.text:_isr:USCI_A0_ISR)
                  00004678    0000001a     rts430x_lc_rd_eabi.lib : boot_special.obj (.text:_isr:_c_int00_noargs_noexit)
                  00004692    00000012     scheduler.obj (.text:_isr:SCHEDULER_ISR)
                  000046a4    00000010     LDC13xx16xx_evm.obj (.text:_isr:DRDY)
                  000046b4    00000008     rts430x_lc_rd_eabi.lib : isr_trap.obj (.text:_isr:__TI_ISR_TRAP)

.const     0    00007364    000003f4     
                  00007364    0000010a     descriptors.obj (.const:tUsbRequestList)
                  0000746e    00000100     crc8.obj (.const:.string:crc8Table)
                  0000756e    00000096     descriptors.obj (.const:.string:abromStringDescriptor)
                  00007604    00000090     host_interface.obj (.const:.string)
                  00007694    00000043     descriptors.obj (.const:abromConfigurationDescriptorGroup)
                  000076d7    00000001     --HOLE-- [fill = 0]
                  000076d8    00000026     host_menu.obj (.const:.string)
                  000076fe    00000020     usb.obj (.const:.string)
                  0000771e    00000014     rts430x_lc_rd_eabi.lib : _printfi_min.obj (.const:.string)
                  00007732    00000012     descriptors.obj (.const:.string:abromDeviceDescriptor)
                  00007744    00000010     descriptors.obj (.const:stUsbHandle)
                  00007754    00000004     main.obj (.const:.string)

.cinit     0    00007758    0000008c     
                  00007758    0000005b     (.cinit..data.load) [load image, compression = lzss]
                  000077b3    00000001     --HOLE-- [fill = 0]
                  000077b4    0000000c     (__TI_handler_table)
                  000077c0    00000006     (.cinit..bss.load) [load image, compression = zero_init]
                  000077c6    00000006     (.cinit..infoC.load) [load image, compression = zero_init]
                  000077cc    00000018     (__TI_cinit_table)

.init_array 
*          0    00004400    00000000     UNINITIALIZED

.infoC     0    00001880    00000010     UNINITIALIZED
                  00001880    00000010     host_interface.obj (.infoC)

RTC        0    0000ffd2    00000002     
                  0000ffd2    00000002     rts430x_lc_rd_eabi.lib : int41.obj (.int41)

PORT2      0    0000ffd4    00000002     
                  0000ffd4    00000002     rts430x_lc_rd_eabi.lib : int42.obj (.int42)

TIMER2_A1 
*          0    0000ffd6    00000002     
                  0000ffd6    00000002     rts430x_lc_rd_eabi.lib : int43.obj (.int43)

TIMER2_A0 
*          0    0000ffd8    00000002     
                  0000ffd8    00000002     rts430x_lc_rd_eabi.lib : int44.obj (.int44)

USCI_B1    0    0000ffda    00000002     
                  0000ffda    00000002     i2c.obj (.int45)

USCI_A1    0    0000ffdc    00000002     
                  0000ffdc    00000002     uart.obj (.int46)

PORT1      0    0000ffde    00000002     
                  0000ffde    00000002     LDC13xx16xx_evm.obj (.int47)

TIMER1_A1 
*          0    0000ffe0    00000002     
                  0000ffe0    00000002     rts430x_lc_rd_eabi.lib : int48.obj (.int48)

TIMER1_A0 
*          0    0000ffe2    00000002     
                  0000ffe2    00000002     rts430x_lc_rd_eabi.lib : int49.obj (.int49)

DMA        0    0000ffe4    00000002     
                  0000ffe4    00000002     rts430x_lc_rd_eabi.lib : int50.obj (.int50)

USB_UBM    0    0000ffe6    00000002     
                  0000ffe6    00000002     UsbIsr.obj (.int51)

TIMER0_A1 
*          0    0000ffe8    00000002     
                  0000ffe8    00000002     rts430x_lc_rd_eabi.lib : int52.obj (.int52)

TIMER0_A0 
*          0    0000ffea    00000002     
                  0000ffea    00000002     scheduler.obj (.int53)

ADC12      0    0000ffec    00000002     
                  0000ffec    00000002     rts430x_lc_rd_eabi.lib : int54.obj (.int54)

USCI_B0    0    0000ffee    00000002     
                  0000ffee    00000002     rts430x_lc_rd_eabi.lib : int55.obj (.int55)

USCI_A0    0    0000fff0    00000002     
                  0000fff0    00000002     rts430x_lc_rd_eabi.lib : int56.obj (.int56)

WDT        0    0000fff2    00000002     
                  0000fff2    00000002     rts430x_lc_rd_eabi.lib : int57.obj (.int57)

TIMER0_B1 
*          0    0000fff4    00000002     
                  0000fff4    00000002     rts430x_lc_rd_eabi.lib : int58.obj (.int58)

TIMER0_B0 
*          0    0000fff6    00000002     
                  0000fff6    00000002     rts430x_lc_rd_eabi.lib : int59.obj (.int59)

COMP_B     0    0000fff8    00000002     
                  0000fff8    00000002     rts430x_lc_rd_eabi.lib : int60.obj (.int60)

UNMI       0    0000fffa    00000002     
                  0000fffa    00000002     rts430x_lc_rd_eabi.lib : int61.obj (.int61)

SYSNMI     0    0000fffc    00000002     
                  0000fffc    00000002     rts430x_lc_rd_eabi.lib : int62.obj (.int62)

.reset     0    0000fffe    00000002     
                  0000fffe    00000002     rts430x_lc_rd_eabi.lib : boot.obj (.reset)

.text      0    000046bc    00002ca8     
                  000046bc    00000444     UsbCdc.obj (.text:USBCDC_receiveData)
                  00004b00    000002a2     UsbCdc.obj (.text:CdcToHostFromBuffer)
                  00004da2    00000228     UsbCdc.obj (.text:CdcToBufferFromHost)
                  00004fca    000001d0     main.obj (.text:main)
                  0000519a    000001a2     usb.obj (.text:USB_reset)
                  0000533c    00000132     rts430x_lc_rd_eabi.lib : _printfi_min.obj (.text:_setfield)
                  0000546e    000000fa     UsbCdc.obj (.text:CopyUsbToBuff)
                  00005568    000000e8     usb.obj (.text:USB_InitSerialStringDescriptor)
                  00005650    000000dc     rts430x_lc_rd_eabi.lib : _printfi_min.obj (.text:_pproc_diouxp)
                  0000572c    000000d8     UsbCdc.obj (.text:USBCDC_intfStatus)
                  00005804    000000d4     HAL_PMM.obj (.text:SetVCoreUp)
                  000058d8    000000d2     rts430x_lc_rd_eabi.lib : _printfi_min.obj (.text:__TI_printfi_minimal)
                  000059aa    000000ba     UsbCdc.obj (.text:USBCDC_bytesInUSBBuffer)
                  00005a64    000000b2     host_interface.obj (.text:menuStartStream)
                  00005b16    0000009c     host_menu.obj (.text:printMenu)
                  00005bb2    0000009a     HAL_PMM.obj (.text:SetVCoreDown)
                  00005c4c    0000009a     UsbCdc.obj (.text:USBCDC_sendData)
                  00005ce6    0000009a     usb.obj (.text:USB_enable)
                  00005d80    00000098     UsbCdc.obj (.text:usbGetLineCoding)
                  00005e18    00000096     usb.obj (.text:usbDecodeAndProcessUsbRequest)
                  00005eae    0000008a     usb.obj (.text:usbGetEndpointStatus)
                  00005f38    00000082     rts430x_lc_rd_eabi.lib : autoinit_wdt.obj (.text:_auto_init_hold_wdt)
                  00005fba    00000078                            : copy_decompress_lzss.obj (.text:decompress:lzss:__TI_decompress_lzss)
                  00006032    00000076     usbConstructs.obj (.text:cdcSendDataWaitTilDone)
                  000060a8    00000072     host_interface.obj (.text:menuIncreasePeriod)
                  0000611a    00000070     UsbCdc.obj (.text:Handler_SetLineCoding)
                  0000618a    0000006e     LDC13xx16xx_evm.obj (.text:evm_LED_Set)
                  000061f8    0000006e     host_interface.obj (.text:initHostInterface)
                  00006266    0000006e     host_interface.obj (.text:menuDecreasePeriod)
                  000062d4    0000006e     usb.obj (.text:usbSendNextPacketOnIEP0)
                  00006342    0000006c     usb.obj (.text:USB_init)
                  000063ae    00000066     rts430x_lc_rd_eabi.lib : cpy_tbl.obj (.text:copy_in)
                  00006414    00000060     UsbCdc.obj (.text:USBCDC_abortSend)
                  00006474    00000060     scheduler.obj (.text:timeoutTasks)
                  000064d4    0000005e     scheduler.obj (.text:addTask)
                  00006532    0000005a     scheduler.obj (.text:removeTask)
                  0000658c    0000005a     motor.obj (.text:setMotorDriveStrength)
                  000065e6    00000056     usbConstructs.obj (.text:cdcReceiveDataInBuffer)
                  0000663c    00000052     usb.obj (.text:usbReceiveNextPacketOnOEP0)
                  0000668e    00000050     HAL_TLV.obj (.text:Get_TLV_Info)
                  000066de    0000004e     usb.obj (.text:usbGetStringDescriptor)
                  0000672c    0000004c     host_interface.obj (.text:menuStopStream)
                  00006778    0000004a     motor.obj (.text:setMotorDir)
                  000067c2    00000048     UsbIsr.obj (.text:PWRVBUSoffHandler)
                  0000680a    00000048     UsbIsr.obj (.text:SetupPacketInterruptHandler)
                  00006852    00000048     rts430x_lc_rd_eabi.lib : _printfi_min.obj (.text:_pproc_str)
                  0000689a    00000048     usb.obj (.text:usbSetEndpointFeature)
                  000068e2    00000044     rts430x_lc_rd_eabi.lib : sprintf.obj (.text:sprintf)
                  00006926    00000040     HAL_PMM.obj (.text:SetVCore)
                  00006966    00000040     usb.obj (.text:usbClearEndpointFeature)
                  000069a6    0000003e     UsbCdc.obj (.text:CdcResetData)
                  000069e4    0000003e     HAL_UCS.obj (.text:XT2_Start_Timeout)
                  00006a22    0000003e     rts430x_lc_rd_eabi.lib : lsl32.obj (.text:l_lsl_const)
                  00006a60    0000003e                            : lsr32.obj (.text:l_lsr_const)
                  00006a9e    0000003c     host_interface.obj (.text:readSerialFromFlash)
                  00006ada    0000003c     host_interface.obj (.text:taskStopAll)
                  00006b16    00000038     UsbIsr.obj (.text:OEP0InterruptHandler)
                  00006b4e    00000038     dma.obj (.text:USB_initMemcpy)
                  00006b86    00000038     host_interface.obj (.text:menuCycleLEDS)
                  00006bbe    00000036     UsbIsr.obj (.text:PWRVBUSonHandler)
                  00006bf4    00000034     LDC13xx16xx_evm.obj (.text:evm_changeAddr)
                  00006c28    00000034     motor.obj (.text:initMotor1)
                  00006c5c    00000034     motor.obj (.text:initMotor2)
                  00006c90    00000032     usb.obj (.text:USB_suspend)
                  00006cc2    00000030     main.obj (.text:InitMCU)
                  00006cf2    00000030     usb.obj (.text:USB_connectionInfo)
                  00006d22    00000030     HAL_UCS.obj (.text:XT2_Start)
                  00006d52    00000030     espComs.obj (.text:initESPPins)
                  00006d82    00000030     host_interface.obj (.text:menuCycleI2CAddr)
                  00006db2    0000002c     host_menu.obj (.text:addMenuItem)
                  00006dde    0000002c     rts430x_lc_rd_eabi.lib : div16s.obj (.text)
                  00006e0a    0000002c     usb.obj (.text:usbGetDeviceStatus)
                  00006e36    0000002a     host_interface.obj (.text:getTaskIndexFromPID)
                  00006e60    0000002a     dma.obj (.text:memcpyV)
                  00006e8a    00000028     host_interface.obj (.text:getTaskIndexIdle)
                  00006eb2    00000028     dma.obj (.text:memcpyDMA0)
                  00006eda    00000026     host_menu.obj (.text:initMenuItems)
                  00006f00    00000026     pins.obj (.text:setupPins)
                  00006f26    00000024     rts430x_lc_rd_eabi.lib : copy_zero_init.obj (.text:decompress:ZI:__TI_zero_init)
                  00006f4a    00000024     usb.obj (.text:usbDisableInEndpointInterrupt)
                  00006f6e    00000024     usb.obj (.text:usbDisableOutEndpointInterrupt)
                  00006f92    00000022     espComs.obj (.text:resetESP)
                  00006fb4    00000022     host_menu.obj (.text:sendString)
                  00006fd6    00000022     usb.obj (.text:usbSendDataPacketOnEP0)
                  00006ff8    00000020     rts430x_lc_rd_eabi.lib : sprintf.obj (.text:_outs)
                  00007018    00000020     crc8.obj (.text:calcCRC8)
                  00007038    00000020     usb.obj (.text:usbSetAddress)
                  00007058    00000020     usb.obj (.text:usbSetConfiguration)
                  00007078    0000001e     rts430x_lc_rd_eabi.lib : memccpy.obj (.text:memccpy)
                  00007096    0000001e     usb.obj (.text:usbGetInterface)
                  000070b4    0000001e     usb.obj (.text:usbGetInterfaceStatus)
                  000070d2    0000001c     UsbIsr.obj (.text:IEP0InterruptHandler)
                  000070ee    0000001a     UsbCdc.obj (.text:CdcIsReceiveInProgress)
                  00007108    0000001a     usb.obj (.text:USB_connect)
                  00007122    00000018     usb.obj (.text:USB_resume)
                  0000713a    00000018     rts430x_lc_rd_eabi.lib : mult16_f5hw.obj (.text)
                  00007152    00000018     usb.obj (.text:usbClearDeviceFeature)
                  0000716a    00000018     usb.obj (.text:usbSetDeviceFeature)
                  00007182    00000016     main.obj (.text:Init_Clock)
                  00007198    00000016     rts430x_lc_rd_eabi.lib : memset.obj (.text:memset)
                  000071ae    00000016                            : div16u.obj (.text)
                  000071c4    00000016     usb.obj (.text:usbGetConfigurationDescriptor)
                  000071da    00000016     usb.obj (.text:usbGetDeviceDescriptor)
                  000071f0    00000014     usbEventHandling.obj (.text:USB_handleVbusOnEvent)
                  00007204    00000014     rts430x_lc_rd_eabi.lib : sprintf.obj (.text:_outc)
                  00007218    00000014     scheduler.obj (.text:initScheduler)
                  0000722c    00000014     rts430x_lc_rd_eabi.lib : memcpy.obj (.text:memcpy)
                  00007240    00000014     usb.obj (.text:usbGetConfiguration)
                  00007254    00000014     usb.obj (.text:usbReceiveDataPacketOnEP0)
                  00007268    00000014     UsbCdc.obj (.text:usbSetControlLineState)
                  0000727c    00000012     rts430x_lc_rd_eabi.lib : copy_decompress_none.obj (.text:decompress:none:__TI_decompress_none)
                  0000728e    00000012     usb.obj (.text:usbSetInterface)
                  000072a0    0000000e     rts430x_lc_rd_eabi.lib : strlen.obj (.text:strlen)
                  000072ae    0000000e     usb.obj (.text:usbInvalidRequest)
                  000072bc    0000000e     usb.obj (.text:usbSendZeroLengthPacketOnIEP0)
                  000072ca    0000000c     UsbCdc.obj (.text:usbSetLineCoding)
                  000072d6    0000000a     rts430x_lc_rd_eabi.lib : lsl16.obj (.text)
                  000072e0    0000000a     usb.obj (.text:usbStallEndpoint0)
                  000072ea    00000008     usbEventHandling.obj (.text:USBCDC_handleDataReceived)
                  000072f2    00000008     usbEventHandling.obj (.text:USB_handleVbusOffEvent)
                  000072fa    00000008     usb.obj (.text:USB_setEnabledEvents)
                  00007302    00000008     HAL_UCS.obj (.text:XT2_Stop)
                  0000730a    00000008     motor.obj (.text:motorEnable)
                  00007312    00000006     usb.obj (.text:USB_getVersion)
                  00007318    00000006     rts430x_lc_rd_eabi.lib : exit.obj (.text:abort)
                  0000731e    00000006     usb.obj (.text:usbClearOEP0ByteCount)
                  00007324    00000006     usb.obj (.text:usbRestoreInEndpointInterrupt)
                  0000732a    00000006     usb.obj (.text:usbRestoreOutEndpointInterrupt)
                  00007330    00000006     usb.obj (.text:usbStallOEP0)
                  00007336    00000004     usbEventHandling.obj (.text:USBCDC_handleReceiveCompleted)
                  0000733a    00000004     usbEventHandling.obj (.text:USBCDC_handleSendCompleted)
                  0000733e    00000004     usbEventHandling.obj (.text:USBCDC_handleSetControlLineState)
                  00007342    00000004     usbEventHandling.obj (.text:USBCDC_handleSetLineCoding)
                  00007346    00000004     usbEventHandling.obj (.text:USB_handleClockEvent)
                  0000734a    00000004     usbEventHandling.obj (.text:USB_handleEnumCompleteEvent)
                  0000734e    00000004     usbEventHandling.obj (.text:USB_handleResetEvent)
                  00007352    00000004     usbEventHandling.obj (.text:USB_handleResumeEvent)
                  00007356    00000004     usbEventHandling.obj (.text:USB_handleSuspendEvent)
                  0000735a    00000004     rts430x_lc_rd_eabi.lib : pre_init.obj (.text:_system_pre_init)
                  0000735e    00000002                            : startup.obj (.text:_system_post_cinit)
                  00007360    00000002     host_interface.obj (.text:menuAllData)
                  00007362    00000002     host_interface.obj (.text:menuReadAll)

MODULE SUMMARY

       Module                     code    ro data   rw data
       ------                     ----    -------   -------
    ./
       host_interface.obj         898     144       424    
       main.obj                   534     4         4      
       scheduler.obj              318     2         20     
       host_menu.obj              272     38        24     
       espComs.obj                82      0         204    
       motor.obj                  276     0         0      
       usbConstructs.obj          204     0         0      
       uart.obj                   100     2         0      
       usbEventHandling.obj       72      0         0      
       pins.obj                   38      0         0      
    +--+--------------------------+-------+---------+---------+
       Total:                     2794    190       676    
                                                           
    ./F5xx_F6xx_Core_Lib/
       HAL_PMM.obj                430     0         0      
       HAL_UCS.obj                118     0         0      
       HAL_TLV.obj                80      0         0      
    +--+--------------------------+-------+---------+---------+
       Total:                     628     0         0      
                                                           
    ./USB_API/USB_CDC_API/
       UsbCdc.obj                 3604    0         46     
    +--+--------------------------+-------+---------+---------+
       Total:                     3604    0         46     
                                                           
    ./USB_API/USB_Common/
       usb.obj                    2254    32        76     
       dma.obj                    138     0         8      
    +--+--------------------------+-------+---------+---------+
       Total:                     2392    32        84     
                                                           
    ./USB_config/
       UsbIsr.obj                 594     2         0      
       descriptors.obj            0       517       0      
    +--+--------------------------+-------+---------+---------+
       Total:                     594     519       0      
                                                           
    ./library/
       crc8.obj                   32      256       0      
       i2c.obj                    220     2         18     
       LDC13xx16xx_evm.obj        178     2         3      
    +--+--------------------------+-------+---------+---------+
       Total:                     430     260       21     
                                                           
    /home/chrisn/software/ccsv7/ccsv7/tools/compiler/ti-cgt-msp430_16.9.0.LTS/lib/rts430x_lc_rd_eabi.lib
       _printfi_min.obj           808     20        0      
       autoinit_wdt.obj           130     0         0      
       copy_decompress_lzss.obj   120     0         0      
       sprintf.obj                120     0         0      
       cpy_tbl.obj                102     0         0      
       lsl32.obj                  62      0         0      
       lsr32.obj                  62      0         0      
       div16s.obj                 44      0         0      
       copy_zero_init.obj         36      0         0      
       memccpy.obj                30      0         0      
       boot_special.obj           26      0         0      
       mult16_f5hw.obj            24      0         0      
       div16u.obj                 22      0         0      
       memset.obj                 22      0         0      
       memcpy.obj                 20      0         0      
       copy_decompress_none.obj   18      0         0      
       strlen.obj                 14      0         0      
       lsl16.obj                  10      0         0      
       isr_trap.obj               8       0         0      
       exit.obj                   6       0         0      
       pre_init.obj               4       0         0      
       boot.obj                   0       2         0      
       int41.obj                  0       2         0      
       int42.obj                  0       2         0      
       int43.obj                  0       2         0      
       int44.obj                  0       2         0      
       int48.obj                  0       2         0      
       int49.obj                  0       2         0      
       int50.obj                  0       2         0      
       int52.obj                  0       2         0      
       int54.obj                  0       2         0      
       int55.obj                  0       2         0      
       int56.obj                  0       2         0      
       int57.obj                  0       2         0      
       int58.obj                  0       2         0      
       int59.obj                  0       2         0      
       int60.obj                  0       2         0      
       int61.obj                  0       2         0      
       int62.obj                  0       2         0      
       startup.obj                2       0         0      
    +--+--------------------------+-------+---------+---------+
       Total:                     1690    56        0      
                                                           
       Stack:                     0       0         160    
       Linker Generated:          0       139       0      
    +--+--------------------------+-------+---------+---------+
       Grand Total:               12132   1196      987    


LINKER GENERATED COPY TABLES

__TI_cinit_table @ 000077cc records: 3, size/record: 8, table size: 24
	.data: load addr=00007758, load size=0000005b bytes, run addr=0000269e, run size=0000008e bytes, compression=lzss
	.bss: load addr=000077c0, load size=00000006 bytes, run addr=00002400, run size=0000029d bytes, compression=zero_init
	.infoC: load addr=000077c6, load size=00000006 bytes, run addr=00001880, run size=00000010 bytes, compression=zero_init


LINKER GENERATED HANDLER TABLE

__TI_handler_table @ 000077b4 records: 3, size/record: 4, table size: 12
	index: 0, handler: __TI_zero_init
	index: 1, handler: __TI_decompress_lzss
	index: 2, handler: __TI_decompress_none


GLOBAL SYMBOLS: SORTED ALPHABETICALLY BY Name 

address   name                             
-------   ----                             
00000700  ADC12CTL0                        
00000701  ADC12CTL0_H                      
00000700  ADC12CTL0_L                      
00000702  ADC12CTL1                        
00000703  ADC12CTL1_H                      
00000702  ADC12CTL1_L                      
00000704  ADC12CTL2                        
00000705  ADC12CTL2_H                      
00000704  ADC12CTL2_L                      
0000070c  ADC12IE                          
0000070d  ADC12IE_H                        
0000070c  ADC12IE_L                        
0000070a  ADC12IFG                         
0000070b  ADC12IFG_H                       
0000070a  ADC12IFG_L                       
0000070e  ADC12IV                          
0000070f  ADC12IV_H                        
0000070e  ADC12IV_L                        
00000710  ADC12MCTL0                       
00000711  ADC12MCTL1                       
0000071a  ADC12MCTL10                      
0000071b  ADC12MCTL11                      
0000071c  ADC12MCTL12                      
0000071d  ADC12MCTL13                      
0000071e  ADC12MCTL14                      
0000071f  ADC12MCTL15                      
00000712  ADC12MCTL2                       
00000713  ADC12MCTL3                       
00000714  ADC12MCTL4                       
00000715  ADC12MCTL5                       
00000716  ADC12MCTL6                       
00000717  ADC12MCTL7                       
00000718  ADC12MCTL8                       
00000719  ADC12MCTL9                       
00000720  ADC12MEM0                        
00000721  ADC12MEM0_H                      
00000720  ADC12MEM0_L                      
00000722  ADC12MEM1                        
00000734  ADC12MEM10                       
00000735  ADC12MEM10_H                     
00000734  ADC12MEM10_L                     
00000736  ADC12MEM11                       
00000737  ADC12MEM11_H                     
00000736  ADC12MEM11_L                     
00000738  ADC12MEM12                       
00000739  ADC12MEM12_H                     
00000738  ADC12MEM12_L                     
0000073a  ADC12MEM13                       
0000073b  ADC12MEM13_H                     
0000073a  ADC12MEM13_L                     
0000073c  ADC12MEM14                       
0000073d  ADC12MEM14_H                     
0000073c  ADC12MEM14_L                     
0000073e  ADC12MEM15                       
0000073f  ADC12MEM15_H                     
0000073e  ADC12MEM15_L                     
00000723  ADC12MEM1_H                      
00000722  ADC12MEM1_L                      
00000724  ADC12MEM2                        
00000725  ADC12MEM2_H                      
00000724  ADC12MEM2_L                      
00000726  ADC12MEM3                        
00000727  ADC12MEM3_H                      
00000726  ADC12MEM3_L                      
00000728  ADC12MEM4                        
00000729  ADC12MEM4_H                      
00000728  ADC12MEM4_L                      
0000072a  ADC12MEM5                        
0000072b  ADC12MEM5_H                      
0000072a  ADC12MEM5_L                      
0000072c  ADC12MEM6                        
0000072d  ADC12MEM6_H                      
0000072c  ADC12MEM6_L                      
0000072e  ADC12MEM7                        
0000072f  ADC12MEM7_H                      
0000072e  ADC12MEM7_L                      
00000730  ADC12MEM8                        
00000731  ADC12MEM8_H                      
00000730  ADC12MEM8_L                      
00000732  ADC12MEM9                        
00000733  ADC12MEM9_H                      
00000732  ADC12MEM9_L                      
00007318  C$$EXIT                          
000008c0  CBCTL0                           
000008c1  CBCTL0_H                         
000008c0  CBCTL0_L                         
000008c2  CBCTL1                           
000008c3  CBCTL1_H                         
000008c2  CBCTL1_L                         
000008c4  CBCTL2                           
000008c5  CBCTL2_H                         
000008c4  CBCTL2_L                         
000008c6  CBCTL3                           
000008c7  CBCTL3_H                         
000008c6  CBCTL3_L                         
000008cc  CBINT                            
000008cd  CBINT_H                          
000008cc  CBINT_L                          
000008ce  CBIV                             
00000150  CRCDI                            
00000152  CRCDIRB                          
00000153  CRCDIRB_H                        
00000152  CRCDIRB_L                        
00000151  CRCDI_H                          
00000150  CRCDI_L                          
00000154  CRCINIRES                        
00000155  CRCINIRES_H                      
00000154  CRCINIRES_L                      
00000156  CRCRESR                          
00000157  CRCRESR_H                        
00000156  CRCRESR_L                        
000070ee  CdcIsReceiveInProgress           
000069a6  CdcResetData                     
00004da2  CdcToBufferFromHost              
00004b00  CdcToHostFromBuffer              
0000546e  CopyUsbToBuff                    
00000510  DMA0CTL                          
00000511  DMA0CTL_H                        
00000510  DMA0CTL_L                        
00000516  DMA0DA                           
00000518  DMA0DAH                          
00000516  DMA0DAL                          
00000512  DMA0SA                           
00000514  DMA0SAH                          
00000512  DMA0SAL                          
0000051a  DMA0SZ                           
00000520  DMA1CTL                          
00000521  DMA1CTL_H                        
00000520  DMA1CTL_L                        
00000526  DMA1DA                           
00000528  DMA1DAH                          
00000526  DMA1DAL                          
00000522  DMA1SA                           
00000524  DMA1SAH                          
00000522  DMA1SAL                          
0000052a  DMA1SZ                           
00000530  DMA2CTL                          
00000531  DMA2CTL_H                        
00000530  DMA2CTL_L                        
00000536  DMA2DA                           
00000538  DMA2DAH                          
00000536  DMA2DAL                          
00000532  DMA2SA                           
00000534  DMA2SAH                          
00000532  DMA2SAL                          
0000053a  DMA2SZ                           
00000500  DMACTL0                          
00000501  DMACTL0_H                        
00000500  DMACTL0_L                        
00000502  DMACTL1                          
00000503  DMACTL1_H                        
00000502  DMACTL1_L                        
00000504  DMACTL2                          
00000505  DMACTL2_H                        
00000504  DMACTL2_L                        
00000506  DMACTL3                          
00000507  DMACTL3_H                        
00000506  DMACTL3_L                        
00000508  DMACTL4                          
00000509  DMACTL4_H                        
00000508  DMACTL4_L                        
0000050e  DMAIV                            
0000050f  DMAIV_H                          
0000050e  DMAIV_L                          
000046a4  DRDY                             
00000140  FCTL1                            
00000141  FCTL1_H                          
00000140  FCTL1_L                          
00000144  FCTL3                            
00000145  FCTL3_H                          
00000144  FCTL3_L                          
00000146  FCTL4                            
00000147  FCTL4_H                          
00000146  FCTL4_L                          
00001880  FlashSerial                      
0000668e  Get_TLV_Info                     
00002682  HOST_CONTROLLER_TYPE             
00002720  HOST_FIRMWARE_VERSION            
0000611a  Handler_SetLineCoding            
000070d2  IEP0InterruptHandler             
00006cc2  InitMCU                          
00007182  Init_Clock                       
000004c4  MAC                              
000004da  MAC32H                           
000004db  MAC32H_H                         
000004da  MAC32H_L                         
000004d8  MAC32L                           
000004d9  MAC32L_H                         
000004d8  MAC32L_L                         
000004c6  MACS                             
000004de  MACS32H                          
000004df  MACS32H_H                        
000004de  MACS32H_L                        
000004dc  MACS32L                          
000004dd  MACS32L_H                        
000004dc  MACS32L_L                        
000004c7  MACS_H                           
000004c6  MACS_L                           
000004c5  MAC_H                            
000004c4  MAC_L                            
000004c0  MPY                              
000004ec  MPY32CTL0                        
000004ed  MPY32CTL0_H                      
000004ec  MPY32CTL0_L                      
000004d2  MPY32H                           
000004d3  MPY32H_H                         
000004d2  MPY32H_L                         
000004d0  MPY32L                           
000004d1  MPY32L_H                         
000004d0  MPY32L_L                         
000004c2  MPYS                             
000004d6  MPYS32H                          
000004d7  MPYS32H_H                        
000004d6  MPYS32H_L                        
000004d4  MPYS32L                          
000004d5  MPYS32L_H                        
000004d4  MPYS32L_L                        
000004c3  MPYS_H                           
000004c2  MPYS_L                           
000004c1  MPY_H                            
000004c0  MPY_L                            
00006b16  OEP0InterruptHandler             
000004c8  OP2                              
000004e2  OP2H                             
000004e3  OP2H_H                           
000004e2  OP2H_L                           
000004e0  OP2L                             
000004e1  OP2L_H                           
000004e0  OP2L_L                           
000004c9  OP2_H                            
000004c8  OP2_L                            
0000020e  P1IV                             
0000021e  P2IV                             
000001e0  P4MAP01                          
000001e1  P4MAP01_H                        
000001e0  P4MAP01_L                        
000001e2  P4MAP23                          
000001e3  P4MAP23_H                        
000001e2  P4MAP23_L                        
000001e4  P4MAP45                          
000001e5  P4MAP45_H                        
000001e4  P4MAP45_L                        
000001e6  P4MAP67                          
000001e7  P4MAP67_H                        
000001e6  P4MAP67_L                        
00000204  PADIR                            
00000205  PADIR_H                          
00000204  PADIR_L                          
00000208  PADS                             
00000209  PADS_H                           
00000208  PADS_L                           
0000021a  PAIE                             
00000218  PAIES                            
00000219  PAIES_H                          
00000218  PAIES_L                          
0000021b  PAIE_H                           
0000021a  PAIE_L                           
0000021c  PAIFG                            
0000021d  PAIFG_H                          
0000021c  PAIFG_L                          
00000200  PAIN                             
00000201  PAIN_H                           
00000200  PAIN_L                           
00000202  PAOUT                            
00000203  PAOUT_H                          
00000202  PAOUT_L                          
00000206  PAREN                            
00000207  PAREN_H                          
00000206  PAREN_L                          
0000020a  PASEL                            
0000020b  PASEL_H                          
0000020a  PASEL_L                          
00000224  PBDIR                            
00000225  PBDIR_H                          
00000224  PBDIR_L                          
00000228  PBDS                             
00000229  PBDS_H                           
00000228  PBDS_L                           
00000220  PBIN                             
00000221  PBIN_H                           
00000220  PBIN_L                           
00000222  PBOUT                            
00000223  PBOUT_H                          
00000222  PBOUT_L                          
00000226  PBREN                            
00000227  PBREN_H                          
00000226  PBREN_L                          
0000022a  PBSEL                            
0000022b  PBSEL_H                          
0000022a  PBSEL_L                          
00000244  PCDIR                            
00000245  PCDIR_H                          
00000244  PCDIR_L                          
00000248  PCDS                             
00000249  PCDS_H                           
00000248  PCDS_L                           
00000240  PCIN                             
00000241  PCIN_H                           
00000240  PCIN_L                           
00000242  PCOUT                            
00000243  PCOUT_H                          
00000242  PCOUT_L                          
00000246  PCREN                            
00000247  PCREN_H                          
00000246  PCREN_L                          
0000024a  PCSEL                            
0000024b  PCSEL_H                          
0000024a  PCSEL_L                          
00000324  PJDIR                            
00000325  PJDIR_H                          
00000324  PJDIR_L                          
00000328  PJDS                             
00000329  PJDS_H                           
00000328  PJDS_L                           
00000320  PJIN                             
00000321  PJIN_H                           
00000320  PJIN_L                           
00000322  PJOUT                            
00000323  PJOUT_H                          
00000322  PJOUT_L                          
00000326  PJREN                            
00000327  PJREN_H                          
00000326  PJREN_L                          
00000130  PM5CTL0                          
00000131  PM5CTL0_H                        
00000130  PM5CTL0_L                        
000001c2  PMAPCTL                          
000001c3  PMAPCTL_H                        
000001c2  PMAPCTL_L                        
000001c0  PMAPKEYID                        
000001c1  PMAPKEYID_H                      
000001c0  PMAPKEYID_L                      
00000120  PMMCTL0                          
00000121  PMMCTL0_H                        
00000120  PMMCTL0_L                        
00000122  PMMCTL1                          
00000123  PMMCTL1_H                        
00000122  PMMCTL1_L                        
0000012c  PMMIFG                           
0000012d  PMMIFG_H                         
0000012c  PMMIFG_L                         
0000012e  PMMRIE                           
0000012f  PMMRIE_H                         
0000012e  PMMRIE_L                         
000067c2  PWRVBUSoffHandler                
00006bbe  PWRVBUSonHandler                 
00000158  RCCTL0                           
00000159  RCCTL0_H                         
00000158  RCCTL0_L                         
000001b0  REFCTL0                          
000001b1  REFCTL0_H                        
000001b0  REFCTL0_L                        
000004e4  RES0                             
000004e5  RES0_H                           
000004e4  RES0_L                           
000004e6  RES1                             
000004e7  RES1_H                           
000004e6  RES1_L                           
000004e8  RES2                             
000004e9  RES2_H                           
000004e8  RES2_L                           
000004ea  RES3                             
000004eb  RES3_H                           
000004ea  RES3_L                           
000004cc  RESHI                            
000004cd  RESHI_H                          
000004cc  RESHI_L                          
000004ca  RESLO                            
000004cb  RESLO_H                          
000004ca  RESLO_L                          
000004ba  RTCADOWDAY                       
000004bb  RTCADOWDAY_H                     
000004ba  RTCADOWDAY_L                     
000004b8  RTCAMINHR                        
000004b9  RTCAMINHR_H                      
000004b8  RTCAMINHR_L                      
000004a0  RTCCTL01                         
000004a1  RTCCTL01_H                       
000004a0  RTCCTL01_L                       
000004a2  RTCCTL23                         
000004a3  RTCCTL23_H                       
000004a2  RTCCTL23_L                       
000004b4  RTCDATE                          
000004b5  RTCDATE_H                        
000004b4  RTCDATE_L                        
000004ae  RTCIV                            
000004ac  RTCPS                            
000004a8  RTCPS0CTL                        
000004a9  RTCPS0CTL_H                      
000004a8  RTCPS0CTL_L                      
000004aa  RTCPS1CTL                        
000004ab  RTCPS1CTL_H                      
000004aa  RTCPS1CTL_L                      
000004ad  RTCPS_H                          
000004ac  RTCPS_L                          
000004b0  RTCTIM0                          
000004b1  RTCTIM0_H                        
000004b0  RTCTIM0_L                        
000004b2  RTCTIM1                          
000004b3  RTCTIM1_H                        
000004b2  RTCTIM1_L                        
000004b6  RTCYEAR                          
000004b7  RTCYEAR_H                        
000004b6  RTCYEAR_L                        
00004692  SCHEDULER_ISR                    
00000100  SFRIE1                           
00000101  SFRIE1_H                         
00000100  SFRIE1_L                         
00000102  SFRIFG1                          
00000103  SFRIFG1_H                        
00000102  SFRIFG1_L                        
00000104  SFRRPCR                          
00000105  SFRRPCR_H                        
00000104  SFRRPCR_L                        
000004ce  SUMEXT                           
000004cf  SUMEXT_H                         
000004ce  SUMEXT_L                         
00000124  SVSMHCTL                         
00000125  SVSMHCTL_H                       
00000124  SVSMHCTL_L                       
00000128  SVSMIO                           
00000129  SVSMIO_H                         
00000128  SVSMIO_L                         
00000126  SVSMLCTL                         
00000127  SVSMLCTL_H                       
00000126  SVSMLCTL_L                       
00000198  SYSBERRIV                        
00000199  SYSBERRIV_H                      
00000198  SYSBERRIV_L                      
00000182  SYSBSLC                          
00000183  SYSBSLC_H                        
00000182  SYSBSLC_L                        
00000180  SYSCTL                           
00000181  SYSCTL_H                         
00000180  SYSCTL_L                         
00000186  SYSJMBC                          
00000187  SYSJMBC_H                        
00000186  SYSJMBC_L                        
00000188  SYSJMBI0                         
00000189  SYSJMBI0_H                       
00000188  SYSJMBI0_L                       
0000018a  SYSJMBI1                         
0000018b  SYSJMBI1_H                       
0000018a  SYSJMBI1_L                       
0000018c  SYSJMBO0                         
0000018d  SYSJMBO0_H                       
0000018c  SYSJMBO0_L                       
0000018e  SYSJMBO1                         
0000018f  SYSJMBO1_H                       
0000018e  SYSJMBO1_L                       
0000019e  SYSRSTIV                         
0000019f  SYSRSTIV_H                       
0000019e  SYSRSTIV_L                       
0000019c  SYSSNIV                          
0000019d  SYSSNIV_H                        
0000019c  SYSSNIV_L                        
0000019a  SYSUNIV                          
0000019b  SYSUNIV_H                        
0000019a  SYSUNIV_L                        
00006926  SetVCore                         
0000680a  SetupPacketInterruptHandler      
00000352  TA0CCR0                          
00000354  TA0CCR1                          
00000356  TA0CCR2                          
00000358  TA0CCR3                          
0000035a  TA0CCR4                          
00000342  TA0CCTL0                         
00000344  TA0CCTL1                         
00000346  TA0CCTL2                         
00000348  TA0CCTL3                         
0000034a  TA0CCTL4                         
00000340  TA0CTL                           
00000360  TA0EX0                           
0000036e  TA0IV                            
00000350  TA0R                             
00000392  TA1CCR0                          
00000394  TA1CCR1                          
00000396  TA1CCR2                          
00000382  TA1CCTL0                         
00000384  TA1CCTL1                         
00000386  TA1CCTL2                         
00000380  TA1CTL                           
000003a0  TA1EX0                           
000003ae  TA1IV                            
00000390  TA1R                             
00000412  TA2CCR0                          
00000414  TA2CCR1                          
00000416  TA2CCR2                          
00000402  TA2CCTL0                         
00000404  TA2CCTL1                         
00000406  TA2CCTL2                         
00000400  TA2CTL                           
00000420  TA2EX0                           
0000042e  TA2IV                            
00000410  TA2R                             
000003d2  TB0CCR0                          
000003d4  TB0CCR1                          
000003d6  TB0CCR2                          
000003d8  TB0CCR3                          
000003da  TB0CCR4                          
000003dc  TB0CCR5                          
000003de  TB0CCR6                          
000003c2  TB0CCTL0                         
000003c4  TB0CCTL1                         
000003c6  TB0CCTL2                         
000003c8  TB0CCTL3                         
000003ca  TB0CCTL4                         
000003cc  TB0CCTL5                         
000003ce  TB0CCTL6                         
000003c0  TB0CTL                           
000003e0  TB0EX0                           
000003ee  TB0IV                            
000003d0  TB0R                             
000005d0  UCA0ABCTL                        
000005c6  UCA0BRW                          
000005c7  UCA0BRW_H                        
000005c6  UCA0BRW_L                        
000005c0  UCA0CTLW0                        
000005c1  UCA0CTLW0_H                      
000005c0  UCA0CTLW0_L                      
000005dc  UCA0ICTL                         
000005dd  UCA0ICTL_H                       
000005dc  UCA0ICTL_L                       
000005d2  UCA0IRCTL                        
000005d3  UCA0IRCTL_H                      
000005d2  UCA0IRCTL_L                      
000005de  UCA0IV                           
000005c8  UCA0MCTL                         
000005cc  UCA0RXBUF                        
000005ca  UCA0STAT                         
000005ce  UCA0TXBUF                        
00000610  UCA1ABCTL                        
00000606  UCA1BRW                          
00000607  UCA1BRW_H                        
00000606  UCA1BRW_L                        
00000600  UCA1CTLW0                        
00000601  UCA1CTLW0_H                      
00000600  UCA1CTLW0_L                      
0000061c  UCA1ICTL                         
0000061d  UCA1ICTL_H                       
0000061c  UCA1ICTL_L                       
00000612  UCA1IRCTL                        
00000613  UCA1IRCTL_H                      
00000612  UCA1IRCTL_L                      
0000061e  UCA1IV                           
00000608  UCA1MCTL                         
0000060c  UCA1RXBUF                        
0000060a  UCA1STAT                         
0000060e  UCA1TXBUF                        
000005e6  UCB0BRW                          
000005e7  UCB0BRW_H                        
000005e6  UCB0BRW_L                        
000005e0  UCB0CTLW0                        
000005e1  UCB0CTLW0_H                      
000005e0  UCB0CTLW0_L                      
000005f0  UCB0I2COA                        
000005f1  UCB0I2COA_H                      
000005f0  UCB0I2COA_L                      
000005f2  UCB0I2CSA                        
000005f3  UCB0I2CSA_H                      
000005f2  UCB0I2CSA_L                      
000005fc  UCB0ICTL                         
000005fd  UCB0ICTL_H                       
000005fc  UCB0ICTL_L                       
000005fe  UCB0IV                           
000005ec  UCB0RXBUF                        
000005ea  UCB0STAT                         
000005ee  UCB0TXBUF                        
00000626  UCB1BRW                          
00000627  UCB1BRW_H                        
00000626  UCB1BRW_L                        
00000620  UCB1CTLW0                        
00000621  UCB1CTLW0_H                      
00000620  UCB1CTLW0_L                      
00000630  UCB1I2COA                        
00000631  UCB1I2COA_H                      
00000630  UCB1I2COA_L                      
00000632  UCB1I2CSA                        
00000633  UCB1I2CSA_H                      
00000632  UCB1I2CSA_L                      
0000063c  UCB1ICTL                         
0000063d  UCB1ICTL_H                       
0000063c  UCB1ICTL_L                       
0000063e  UCB1IV                           
0000062c  UCB1RXBUF                        
0000062a  UCB1STAT                         
0000062e  UCB1TXBUF                        
00000160  UCSCTL0                          
00000161  UCSCTL0_H                        
00000160  UCSCTL0_L                        
00000162  UCSCTL1                          
00000163  UCSCTL1_H                        
00000162  UCSCTL1_L                        
00000164  UCSCTL2                          
00000165  UCSCTL2_H                        
00000164  UCSCTL2_L                        
00000166  UCSCTL3                          
00000167  UCSCTL3_H                        
00000166  UCSCTL3_L                        
00000168  UCSCTL4                          
00000169  UCSCTL4_H                        
00000168  UCSCTL4_L                        
0000016a  UCSCTL5                          
0000016b  UCSCTL5_H                        
0000016a  UCSCTL5_L                        
0000016c  UCSCTL6                          
0000016d  UCSCTL6_H                        
0000016c  UCSCTL6_L                        
0000016e  UCSCTL7                          
0000016f  UCSCTL7_H                        
0000016e  UCSCTL7_L                        
00000170  UCSCTL8                          
00000171  UCSCTL8_H                        
00000170  UCSCTL8_L                        
00006414  USBCDC_abortSend                 
000059aa  USBCDC_bytesInUSBBuffer          
000072ea  USBCDC_handleDataReceived        
00007336  USBCDC_handleReceiveCompleted    
0000733a  USBCDC_handleSendCompleted       
0000733e  USBCDC_handleSetControlLineState 
00007342  USBCDC_handleSetLineCoding       
0000572c  USBCDC_intfStatus                
000046bc  USBCDC_receiveData               
00005c4c  USBCDC_sendData                  
00000902  USBCNF                           
00000903  USBCNF_H                         
00000902  USBCNF_L                         
0000093c  USBCTL                           
0000093a  USBFN                            
0000093b  USBFN_H                          
0000093a  USBFN_L                          
0000093f  USBFUNADR                        
0000093d  USBIE                            
00002378  USBIEP0BUF                       
000023c9  USBIEPBBAX_1                     
000023d1  USBIEPBBAX_2                     
000023d9  USBIEPBBAX_3                     
000023e1  USBIEPBBAX_4                     
000023e9  USBIEPBBAX_5                     
000023f1  USBIEPBBAX_6                     
000023f9  USBIEPBBAX_7                     
000023cd  USBIEPBBAY_1                     
000023d5  USBIEPBBAY_2                     
000023dd  USBIEPBBAY_3                     
000023e5  USBIEPBBAY_4                     
000023ed  USBIEPBBAY_5                     
000023f5  USBIEPBBAY_6                     
000023fd  USBIEPBBAY_7                     
000023ca  USBIEPBCTX_1                     
000023d2  USBIEPBCTX_2                     
000023da  USBIEPBCTX_3                     
000023e2  USBIEPBCTX_4                     
000023ea  USBIEPBCTX_5                     
000023f2  USBIEPBCTX_6                     
000023fa  USBIEPBCTX_7                     
000023ce  USBIEPBCTY_1                     
000023d6  USBIEPBCTY_2                     
000023de  USBIEPBCTY_3                     
000023e6  USBIEPBCTY_4                     
000023ee  USBIEPBCTY_5                     
000023f6  USBIEPBCTY_6                     
000023fe  USBIEPBCTY_7                     
00000920  USBIEPCNF_0                      
000023c8  USBIEPCNF_1                      
000023d0  USBIEPCNF_2                      
000023d8  USBIEPCNF_3                      
000023e0  USBIEPCNF_4                      
000023e8  USBIEPCNF_5                      
000023f0  USBIEPCNF_6                      
000023f8  USBIEPCNF_7                      
00000921  USBIEPCNT_0                      
0000092e  USBIEPIE                         
00000930  USBIEPIFG                        
000023cf  USBIEPSIZXY_1                    
000023d7  USBIEPSIZXY_2                    
000023df  USBIEPSIZXY_3                    
000023e7  USBIEPSIZXY_4                    
000023ef  USBIEPSIZXY_5                    
000023f7  USBIEPSIZXY_6                    
000023ff  USBIEPSIZXY_7                    
0000093e  USBIFG                           
00000900  USBKEYID                         
00000901  USBKEYID_H                       
00000900  USBKEYID_L                       
00000936  USBMAINT                         
00000937  USBMAINT_H                       
00000936  USBMAINT_L                       
00002370  USBOEP0BUF                       
00002389  USBOEPBBAX_1                     
00002391  USBOEPBBAX_2                     
00002399  USBOEPBBAX_3                     
000023a1  USBOEPBBAX_4                     
000023a9  USBOEPBBAX_5                     
000023b1  USBOEPBBAX_6                     
000023b9  USBOEPBBAX_7                     
0000238d  USBOEPBBAY_1                     
00002395  USBOEPBBAY_2                     
0000239d  USBOEPBBAY_3                     
000023a5  USBOEPBBAY_4                     
000023ad  USBOEPBBAY_5                     
000023b5  USBOEPBBAY_6                     
000023bd  USBOEPBBAY_7                     
0000238a  USBOEPBCTX_1                     
00002392  USBOEPBCTX_2                     
0000239a  USBOEPBCTX_3                     
000023a2  USBOEPBCTX_4                     
000023aa  USBOEPBCTX_5                     
000023b2  USBOEPBCTX_6                     
000023ba  USBOEPBCTX_7                     
0000238e  USBOEPBCTY_1                     
00002396  USBOEPBCTY_2                     
0000239e  USBOEPBCTY_3                     
000023a6  USBOEPBCTY_4                     
000023ae  USBOEPBCTY_5                     
000023b6  USBOEPBCTY_6                     
000023be  USBOEPBCTY_7                     
00000922  USBOEPCNF_0                      
00002388  USBOEPCNF_1                      
00002390  USBOEPCNF_2                      
00002398  USBOEPCNF_3                      
000023a0  USBOEPCNF_4                      
000023a8  USBOEPCNF_5                      
000023b0  USBOEPCNF_6                      
000023b8  USBOEPCNF_7                      
00000923  USBOEPCNT_0                      
0000092f  USBOEPIE                         
00000931  USBOEPIFG                        
0000238f  USBOEPSIZXY_1                    
00002397  USBOEPSIZXY_2                    
0000239f  USBOEPSIZXY_3                    
000023a7  USBOEPSIZXY_4                    
000023af  USBOEPSIZXY_5                    
000023b7  USBOEPSIZXY_6                    
000023bf  USBOEPSIZXY_7                    
00000904  USBPHYCTL                        
00000905  USBPHYCTL_H                      
00000904  USBPHYCTL_L                      
00000910  USBPLLCTL                        
00000911  USBPLLCTL_H                      
00000910  USBPLLCTL_L                      
00000912  USBPLLDIVB                       
00000913  USBPLLDIVB_H                     
00000912  USBPLLDIVB_L                     
00000914  USBPLLIR                         
00000915  USBPLLIR_H                       
00000914  USBPLLIR_L                       
00000908  USBPWRCTL                        
00000909  USBPWRCTL_H                      
00000908  USBPWRCTL_L                      
00001c00  USBSTABUFF                       
00002380  USBSUBLK                         
0000236f  USBTOPBUFF                       
00000938  USBTSREG                         
00000939  USBTSREG_H                       
00000938  USBTSREG_L                       
00000932  USBVECINT                        
00000933  USBVECINT_H                      
00000932  USBVECINT_L                      
00005568  USB_InitSerialStringDescriptor   
00002686  USB_RX_memcpy                    
0000268a  USB_TX_memcpy                    
00007108  USB_connect                      
00006cf2  USB_connectionInfo               
00005ce6  USB_enable                       
00007312  USB_getVersion                   
00007346  USB_handleClockEvent             
0000734a  USB_handleEnumCompleteEvent      
0000734e  USB_handleResetEvent             
00007352  USB_handleResumeEvent            
00007356  USB_handleSuspendEvent           
000072f2  USB_handleVbusOffEvent           
000071f0  USB_handleVbusOnEvent            
00006342  USB_init                         
00006b4e  USB_initMemcpy                   
0000519a  USB_reset                        
00007122  USB_resume                       
000072fa  USB_setEnabledEvents             
00006c90  USB_suspend                      
00004614  USCI_A0_ISR                      
00004538  USCI_B1_ISR                      
0000271c  VERSION                          
0000015c  WDTCTL                           
0000015d  WDTCTL_H                         
0000015c  WDTCTL_L                         
00006d22  XT2_Start                        
000069e4  XT2_Start_Timeout                
00007302  XT2_Stop                         
00004400  __STACK_END                      
000000a0  __STACK_SIZE                     
UNDEFED   __TI_BINIT_Base                  
UNDEFED   __TI_BINIT_Limit                 
000077cc  __TI_CINIT_Base                  
000077e4  __TI_CINIT_Limit                 
000077b4  __TI_Handler_Table_Base          
000077c0  __TI_Handler_Table_Limit         
UNDEFED   __TI_INITARRAY_Base              
UNDEFED   __TI_INITARRAY_Limit             
000046b4  __TI_ISR_TRAP                    
00005fba  __TI_decompress_lzss             
0000727c  __TI_decompress_none             
0000ffd2  __TI_int41                       
0000ffd4  __TI_int42                       
0000ffd6  __TI_int43                       
0000ffd8  __TI_int44                       
0000ffda  __TI_int45                       
0000ffdc  __TI_int46                       
0000ffde  __TI_int47                       
0000ffe0  __TI_int48                       
0000ffe2  __TI_int49                       
0000ffe4  __TI_int50                       
0000ffe6  __TI_int51                       
0000ffe8  __TI_int52                       
0000ffea  __TI_int53                       
0000ffec  __TI_int54                       
0000ffee  __TI_int55                       
0000fff0  __TI_int56                       
0000fff2  __TI_int57                       
0000fff4  __TI_int58                       
0000fff6  __TI_int59                       
0000fff8  __TI_int60                       
0000fffa  __TI_int61                       
0000fffc  __TI_int62                       
ffffffff  __TI_pprof_out_hndl              
000058d8  __TI_printfi_minimal             
ffffffff  __TI_prof_data_size              
ffffffff  __TI_prof_data_start             
00006f26  __TI_zero_init                   
ffffffff  __c_args__                       
00006dde  __mspabi_divi                    
000071ae  __mspabi_divu                    
0000713a  __mspabi_mpyi_f5hw               
00006dde  __mspabi_remi                    
000071ae  __mspabi_remu                    
000072d6  __mspabi_slli                    
00006a5a  __mspabi_slll_1                  
00006a36  __mspabi_slll_10                 
00006a32  __mspabi_slll_11                 
00006a2e  __mspabi_slll_12                 
00006a2a  __mspabi_slll_13                 
00006a26  __mspabi_slll_14                 
00006a22  __mspabi_slll_15                 
00006a56  __mspabi_slll_2                  
00006a52  __mspabi_slll_3                  
00006a4e  __mspabi_slll_4                  
00006a4a  __mspabi_slll_5                  
00006a46  __mspabi_slll_6                  
00006a42  __mspabi_slll_7                  
00006a3e  __mspabi_slll_8                  
00006a3a  __mspabi_slll_9                  
00006a98  __mspabi_srll_1                  
00006a74  __mspabi_srll_10                 
00006a70  __mspabi_srll_11                 
00006a6c  __mspabi_srll_12                 
00006a68  __mspabi_srll_13                 
00006a64  __mspabi_srll_14                 
00006a60  __mspabi_srll_15                 
00006a94  __mspabi_srll_2                  
00006a90  __mspabi_srll_3                  
00006a8c  __mspabi_srll_4                  
00006a88  __mspabi_srll_5                  
00006a84  __mspabi_srll_6                  
00006a80  __mspabi_srll_7                  
00006a7c  __mspabi_srll_8                  
00006a78  __mspabi_srll_9                  
00005f38  _auto_init_hold_wdt              
00004678  _c_int00_noargs_noexit           
0000fffe  _reset_vector                    
00004360  _stack                           
0000735e  _system_post_cinit               
0000735a  _system_pre_init                 
00002378  abIEP0Buffer                     
00002370  abOEP0Buffer                     
0000266c  abUsbRequestIncomingData         
00002674  abUsbRequestReturnData           
00007318  abort                            
000025e0  abramSerialStringDescriptor      
00007694  abromConfigurationDescriptorGroup
00007732  abromDeviceDescriptor            
0000756e  abromStringDescriptor            
00006db2  addMenuItem                      
000064d4  addTask                          
00002724  bCDCDataReceived_event           
0000271a  bEnumerationStatus               
00002719  bFunctionSuspended               
0000269a  bStatusAction                    
00007018  calcCRC8                         
000065e6  cdcReceiveDataInBuffer           
00006032  cdcSendDataWaitTilDone           
000063ae  copy_in                          
0000269b  default_addr                     
0000269c  espComsStatus                    
00002518  espRxBuf                         
00002728  espRxIndex                       
0000257c  espTxBuf                         
00002729  espTxIndex                       
0000272a  espTxLen                         
0000618a  evm_LED_Set                      
00006bf4  evm_changeAddr                   
00004400  iUsbInterruptHandler             
00006d52  initESPPins                      
000061f8  initHostInterface                
00006eda  initMenuItems                    
00006c28  initMotor1                       
00006c5c  initMotor2                       
00007218  initScheduler                    
00004fca  main                             
00007078  memccpy                          
0000722c  memcpy                           
00006eb2  memcpyDMA0                       
00006e60  memcpyV                          
00007198  memset                           
00007362  menuReadAll                      
0000730a  motorEnable                      
00001c00  pbXBufferAddressEp1              
00001d00  pbXBufferAddressEp2              
00001e00  pbXBufferAddressEp3              
00001f00  pbXBufferAddressEp4              
00002000  pbXBufferAddressEp5              
00002100  pbXBufferAddressEp6              
00002200  pbXBufferAddressEp7              
00001c80  pbXBufferAddressEp81             
00001d80  pbXBufferAddressEp82             
00001e80  pbXBufferAddressEp83             
00001f80  pbXBufferAddressEp84             
00002080  pbXBufferAddressEp85             
00002180  pbXBufferAddressEp86             
00002280  pbXBufferAddressEp87             
00001c40  pbYBufferAddressEp1              
00001d40  pbYBufferAddressEp2              
00001e40  pbYBufferAddressEp3              
00001f40  pbYBufferAddressEp4              
00002040  pbYBufferAddressEp5              
00002140  pbYBufferAddressEp6              
00002240  pbYBufferAddressEp7              
00001cc0  pbYBufferAddressEp81             
00001dc0  pbYBufferAddressEp82             
00001ec0  pbYBufferAddressEp83             
00001fc0  pbYBufferAddressEp84             
000020c0  pbYBufferAddressEp85             
000021c0  pbYBufferAddressEp86             
000022c0  pbYBufferAddressEp87             
00006532  removeTask                       
00006f92  resetESP                         
00006fb4  sendString                       
00006778  setMotorDir                      
0000658c  setMotorDriveStrength            
00006f00  setupPins                        
000068e2  sprintf                          
00007744  stUsbHandle                      
000072a0  strlen                           
00000920  tEndPoint0DescriptorBlock        
000023c8  tInputEndPointDescriptorBlock    
00002388  tOutputEndPointDescriptorBlock   
00002380  tSetupPacket                     
00007364  tUsbRequestList                  
0000268e  timer_ticks                      
00007152  usbClearDeviceFeature            
00006966  usbClearEndpointFeature          
0000731e  usbClearOEP0ByteCount            
00005e18  usbDecodeAndProcessUsbRequest    
00006f4a  usbDisableInEndpointInterrupt    
00006f6e  usbDisableOutEndpointInterrupt   
00002726  usbEvents                        
00007240  usbGetConfiguration              
000071c4  usbGetConfigurationDescriptor    
000071da  usbGetDeviceDescriptor           
00006e0a  usbGetDeviceStatus               
00005eae  usbGetEndpointStatus             
00007096  usbGetInterface                  
000070b4  usbGetInterfaceStatus            
00005d80  usbGetLineCoding                 
000066de  usbGetStringDescriptor           
000072ae  usbInvalidRequest                
00007254  usbReceiveDataPacketOnEP0        
0000663c  usbReceiveNextPacketOnOEP0       
00007324  usbRestoreInEndpointInterrupt    
0000732a  usbRestoreOutEndpointInterrupt   
00006fd6  usbSendDataPacketOnEP0           
000062d4  usbSendNextPacketOnIEP0          
000072bc  usbSendZeroLengthPacketOnIEP0    
00007038  usbSetAddress                    
00007058  usbSetConfiguration              
00007268  usbSetControlLineState           
0000716a  usbSetDeviceFeature              
0000689a  usbSetEndpointFeature            
0000728e  usbSetInterface                  
000072ca  usbSetLineCoding                 
000072e0  usbStallEndpoint0                
00007330  usbStallOEP0                     
00002694  wBytesRemainingOnIEP0            
00002696  wBytesRemainingOnOEP0            
00002698  wUsbEventMask                    


GLOBAL SYMBOLS: SORTED BY Symbol Address 

address   name                             
-------   ----                             
000000a0  __STACK_SIZE                     
00000100  SFRIE1                           
00000100  SFRIE1_L                         
00000101  SFRIE1_H                         
00000102  SFRIFG1                          
00000102  SFRIFG1_L                        
00000103  SFRIFG1_H                        
00000104  SFRRPCR                          
00000104  SFRRPCR_L                        
00000105  SFRRPCR_H                        
00000120  PMMCTL0                          
00000120  PMMCTL0_L                        
00000121  PMMCTL0_H                        
00000122  PMMCTL1                          
00000122  PMMCTL1_L                        
00000123  PMMCTL1_H                        
00000124  SVSMHCTL                         
00000124  SVSMHCTL_L                       
00000125  SVSMHCTL_H                       
00000126  SVSMLCTL                         
00000126  SVSMLCTL_L                       
00000127  SVSMLCTL_H                       
00000128  SVSMIO                           
00000128  SVSMIO_L                         
00000129  SVSMIO_H                         
0000012c  PMMIFG                           
0000012c  PMMIFG_L                         
0000012d  PMMIFG_H                         
0000012e  PMMRIE                           
0000012e  PMMRIE_L                         
0000012f  PMMRIE_H                         
00000130  PM5CTL0                          
00000130  PM5CTL0_L                        
00000131  PM5CTL0_H                        
00000140  FCTL1                            
00000140  FCTL1_L                          
00000141  FCTL1_H                          
00000144  FCTL3                            
00000144  FCTL3_L                          
00000145  FCTL3_H                          
00000146  FCTL4                            
00000146  FCTL4_L                          
00000147  FCTL4_H                          
00000150  CRCDI                            
00000150  CRCDI_L                          
00000151  CRCDI_H                          
00000152  CRCDIRB                          
00000152  CRCDIRB_L                        
00000153  CRCDIRB_H                        
00000154  CRCINIRES                        
00000154  CRCINIRES_L                      
00000155  CRCINIRES_H                      
00000156  CRCRESR                          
00000156  CRCRESR_L                        
00000157  CRCRESR_H                        
00000158  RCCTL0                           
00000158  RCCTL0_L                         
00000159  RCCTL0_H                         
0000015c  WDTCTL                           
0000015c  WDTCTL_L                         
0000015d  WDTCTL_H                         
00000160  UCSCTL0                          
00000160  UCSCTL0_L                        
00000161  UCSCTL0_H                        
00000162  UCSCTL1                          
00000162  UCSCTL1_L                        
00000163  UCSCTL1_H                        
00000164  UCSCTL2                          
00000164  UCSCTL2_L                        
00000165  UCSCTL2_H                        
00000166  UCSCTL3                          
00000166  UCSCTL3_L                        
00000167  UCSCTL3_H                        
00000168  UCSCTL4                          
00000168  UCSCTL4_L                        
00000169  UCSCTL4_H                        
0000016a  UCSCTL5                          
0000016a  UCSCTL5_L                        
0000016b  UCSCTL5_H                        
0000016c  UCSCTL6                          
0000016c  UCSCTL6_L                        
0000016d  UCSCTL6_H                        
0000016e  UCSCTL7                          
[...]
00000723  ADC12MEM1_H                      
00000724  ADC12MEM2                        
00000724  ADC12MEM2_L                      
00000725  ADC12MEM2_H                      
00000726  ADC12MEM3                        
00000726  ADC12MEM3_L                      
00000727  ADC12MEM3_H                      
00000728  ADC12MEM4                        
00000728  ADC12MEM4_L                      
00000729  ADC12MEM4_H                      
0000072a  ADC12MEM5                        
0000072a  ADC12MEM5_L                      
0000072b  ADC12MEM5_H                      
0000072c  ADC12MEM6                        
0000072c  ADC12MEM6_L                      
0000072d  ADC12MEM6_H                      
0000072e  ADC12MEM7                        
0000072e  ADC12MEM7_L                      
0000072f  ADC12MEM7_H                      
00000730  ADC12MEM8                        
00000730  ADC12MEM8_L                      
00000731  ADC12MEM8_H                      
00000732  ADC12MEM9                        
00000732  ADC12MEM9_L                      
00000733  ADC12MEM9_H                      
00000734  ADC12MEM10                       
00000734  ADC12MEM10_L                     
00000735  ADC12MEM10_H                     
00000736  ADC12MEM11                       
00000736  ADC12MEM11_L                     
00000737  ADC12MEM11_H                     
00000738  ADC12MEM12                       
00000738  ADC12MEM12_L                     
00000739  ADC12MEM12_H                     
0000073a  ADC12MEM13                       
0000073a  ADC12MEM13_L                     
0000073b  ADC12MEM13_H                     
0000073c  ADC12MEM14                       
0000073c  ADC12MEM14_L                     
0000073d  ADC12MEM14_H                     
0000073e  ADC12MEM15                       
0000073e  ADC12MEM15_L                     
0000073f  ADC12MEM15_H                     
000008c0  CBCTL0                           
000008c0  CBCTL0_L                         
000008c1  CBCTL0_H                         
000008c2  CBCTL1                           
000008c2  CBCTL1_L                         
000008c3  CBCTL1_H                         
000008c4  CBCTL2                           
000008c4  CBCTL2_L                         
000008c5  CBCTL2_H                         
000008c6  CBCTL3                           
000008c6  CBCTL3_L                         
000008c7  CBCTL3_H                         
000008cc  CBINT                            
000008cc  CBINT_L                          
000008cd  CBINT_H                          
000008ce  CBIV                             
00000900  USBKEYID                         
00000900  USBKEYID_L                       
00000901  USBKEYID_H                       
00000902  USBCNF                           
00000902  USBCNF_L                         
00000903  USBCNF_H                         
00000904  USBPHYCTL                        
00000904  USBPHYCTL_L                      
00000905  USBPHYCTL_H                      
00000908  USBPWRCTL                        
00000908  USBPWRCTL_L                      
00000909  USBPWRCTL_H                      
00000910  USBPLLCTL                        
00000910  USBPLLCTL_L                      
00000911  USBPLLCTL_H                      
00000912  USBPLLDIVB                       
00000912  USBPLLDIVB_L                     
00000913  USBPLLDIVB_H                     
00000914  USBPLLIR                         
00000914  USBPLLIR_L                       
00000915  USBPLLIR_H                       
00000920  USBIEPCNF_0                      
00000920  tEndPoint0DescriptorBlock        
00000921  USBIEPCNT_0                      
00000922  USBOEPCNF_0                      
00000923  USBOEPCNT_0                      
0000092e  USBIEPIE                         
0000092f  USBOEPIE                         
00000930  USBIEPIFG                        
00000931  USBOEPIFG                        
00000932  USBVECINT                        
00000932  USBVECINT_L                      
00000933  USBVECINT_H                      
00000936  USBMAINT                         
00000936  USBMAINT_L                       
00000937  USBMAINT_H                       
00000938  USBTSREG                         
00000938  USBTSREG_L                       
00000939  USBTSREG_H                       
0000093a  USBFN                            
0000093a  USBFN_L                          
0000093b  USBFN_H                          
0000093c  USBCTL                           
0000093d  USBIE                            
0000093e  USBIFG                           
0000093f  USBFUNADR                        
00001880  FlashSerial                      
00001c00  USBSTABUFF                       
00001c00  pbXBufferAddressEp1              
00001c40  pbYBufferAddressEp1              
00001c80  pbXBufferAddressEp81             
00001cc0  pbYBufferAddressEp81             
00001d00  pbXBufferAddressEp2              
00001d40  pbYBufferAddressEp2              
00001d80  pbXBufferAddressEp82             
00001dc0  pbYBufferAddressEp82             
00001e00  pbXBufferAddressEp3              
00001e40  pbYBufferAddressEp3              
00001e80  pbXBufferAddressEp83             
00001ec0  pbYBufferAddressEp83             
00001f00  pbXBufferAddressEp4              
00001f40  pbYBufferAddressEp4              
00001f80  pbXBufferAddressEp84             
00001fc0  pbYBufferAddressEp84             
00002000  pbXBufferAddressEp5              
00002040  pbYBufferAddressEp5              
00002080  pbXBufferAddressEp85             
000020c0  pbYBufferAddressEp85             
00002100  pbXBufferAddressEp6              
00002140  pbYBufferAddressEp6              
00002180  pbXBufferAddressEp86             
000021c0  pbYBufferAddressEp86             
00002200  pbXBufferAddressEp7              
00002240  pbYBufferAddressEp7              
00002280  pbXBufferAddressEp87             
000022c0  pbYBufferAddressEp87             
0000236f  USBTOPBUFF                       
00002370  USBOEP0BUF                       
00002370  abOEP0Buffer                     
00002378  USBIEP0BUF                       
00002378  abIEP0Buffer                     
00002380  USBSUBLK                         
00002380  tSetupPacket                     
00002388  USBOEPCNF_1                      
00002388  tOutputEndPointDescriptorBlock   
00002389  USBOEPBBAX_1                     
0000238a  USBOEPBCTX_1                     
0000238d  USBOEPBBAY_1                     
0000238e  USBOEPBCTY_1                     
0000238f  USBOEPSIZXY_1                    
00002390  USBOEPCNF_2                      
00002391  USBOEPBBAX_2                     
00002392  USBOEPBCTX_2                     
00002395  USBOEPBBAY_2                     
00002396  USBOEPBCTY_2                     
00002397  USBOEPSIZXY_2                    
00002398  USBOEPCNF_3                      
00002399  USBOEPBBAX_3                     
0000239a  USBOEPBCTX_3                     
0000239d  USBOEPBBAY_3                     
0000239e  USBOEPBCTY_3                     
0000239f  USBOEPSIZXY_3                    
000023a0  USBOEPCNF_4                      
000023a1  USBOEPBBAX_4                     
000023a2  USBOEPBCTX_4                     
000023a5  USBOEPBBAY_4                     
000023a6  USBOEPBCTY_4                     
000023a7  USBOEPSIZXY_4                    
000023a8  USBOEPCNF_5                      
000023a9  USBOEPBBAX_5                     
000023aa  USBOEPBCTX_5                     
000023ad  USBOEPBBAY_5                     
000023ae  USBOEPBCTY_5                     
000023af  USBOEPSIZXY_5                    
000023b0  USBOEPCNF_6                      
000023b1  USBOEPBBAX_6                     
000023b2  USBOEPBCTX_6                     
000023b5  USBOEPBBAY_6                     
000023b6  USBOEPBCTY_6                     
000023b7  USBOEPSIZXY_6                    
000023b8  USBOEPCNF_7                      
000023b9  USBOEPBBAX_7                     
000023ba  USBOEPBCTX_7                     
000023bd  USBOEPBBAY_7                     
000023be  USBOEPBCTY_7                     
000023bf  USBOEPSIZXY_7                    
000023c8  USBIEPCNF_1                      
000023c8  tInputEndPointDescriptorBlock    
000023c9  USBIEPBBAX_1                     
000023ca  USBIEPBCTX_1                     
000023cd  USBIEPBBAY_1                     
000023ce  USBIEPBCTY_1                     
000023cf  USBIEPSIZXY_1                    
000023d0  USBIEPCNF_2                      
000023d1  USBIEPBBAX_2                     
000023d2  USBIEPBCTX_2                     
000023d5  USBIEPBBAY_2                     
000023d6  USBIEPBCTY_2                     
000023d7  USBIEPSIZXY_2                    
000023d8  USBIEPCNF_3                      
000023d9  USBIEPBBAX_3                     
000023da  USBIEPBCTX_3                     
000023dd  USBIEPBBAY_3                     
000023de  USBIEPBCTY_3                     
000023df  USBIEPSIZXY_3                    
000023e0  USBIEPCNF_4                      
000023e1  USBIEPBBAX_4                     
000023e2  USBIEPBCTX_4                     
000023e5  USBIEPBBAY_4                     
000023e6  USBIEPBCTY_4                     
000023e7  USBIEPSIZXY_4                    
000023e8  USBIEPCNF_5                      
000023e9  USBIEPBBAX_5                     
000023ea  USBIEPBCTX_5                     
000023ed  USBIEPBBAY_5                     
000023ee  USBIEPBCTY_5                     
000023ef  USBIEPSIZXY_5                    
000023f0  USBIEPCNF_6                      
000023f1  USBIEPBBAX_6                     
000023f2  USBIEPBCTX_6                     
000023f5  USBIEPBBAY_6                     
000023f6  USBIEPBCTY_6                     
000023f7  USBIEPSIZXY_6                    
000023f8  USBIEPCNF_7                      
000023f9  USBIEPBBAX_7                     
000023fa  USBIEPBCTX_7                     
000023fd  USBIEPBBAY_7                     
000023fe  USBIEPBCTY_7                     
000023ff  USBIEPSIZXY_7                    
00002518  espRxBuf                         
0000257c  espTxBuf                         
000025e0  abramSerialStringDescriptor      
0000266c  abUsbRequestIncomingData         
00002674  abUsbRequestReturnData           
00002682  HOST_CONTROLLER_TYPE             
00002686  USB_RX_memcpy                    
0000268a  USB_TX_memcpy                    
0000268e  timer_ticks                      
00002694  wBytesRemainingOnIEP0            
00002696  wBytesRemainingOnOEP0            
00002698  wUsbEventMask                    
0000269a  bStatusAction                    
0000269b  default_addr                     
0000269c  espComsStatus                    
00002719  bFunctionSuspended               
0000271a  bEnumerationStatus               
0000271c  VERSION                          
00002720  HOST_FIRMWARE_VERSION            
00002724  bCDCDataReceived_event           
00002726  usbEvents                        
00002728  espRxIndex                       
00002729  espTxIndex                       
0000272a  espTxLen                         
00004360  _stack                           
00004400  __STACK_END                      
00004400  iUsbInterruptHandler             
00004538  USCI_B1_ISR                      
00004614  USCI_A0_ISR                      
00004678  _c_int00_noargs_noexit           
00004692  SCHEDULER_ISR                    
000046a4  DRDY                             
000046b4  __TI_ISR_TRAP                    
000046bc  USBCDC_receiveData               
00004b00  CdcToHostFromBuffer              
00004da2  CdcToBufferFromHost              
00004fca  main                             
0000519a  USB_reset                        
0000546e  CopyUsbToBuff                    
00005568  USB_InitSerialStringDescriptor   
0000572c  USBCDC_intfStatus                
000058d8  __TI_printfi_minimal             
000059aa  USBCDC_bytesInUSBBuffer          
00005c4c  USBCDC_sendData                  
00005ce6  USB_enable                       
00005d80  usbGetLineCoding                 
00005e18  usbDecodeAndProcessUsbRequest    
00005eae  usbGetEndpointStatus             
00005f38  _auto_init_hold_wdt              
00005fba  __TI_decompress_lzss             
00006032  cdcSendDataWaitTilDone           
0000611a  Handler_SetLineCoding            
0000618a  evm_LED_Set                      
000061f8  initHostInterface                
000062d4  usbSendNextPacketOnIEP0          
00006342  USB_init                         
000063ae  copy_in                          
00006414  USBCDC_abortSend                 
000064d4  addTask                          
00006532  removeTask                       
0000658c  setMotorDriveStrength            
000065e6  cdcReceiveDataInBuffer           
0000663c  usbReceiveNextPacketOnOEP0       
0000668e  Get_TLV_Info                     
000066de  usbGetStringDescriptor           
00006778  setMotorDir                      
000067c2  PWRVBUSoffHandler                
0000680a  SetupPacketInterruptHandler      
0000689a  usbSetEndpointFeature            
000068e2  sprintf                          
00006926  SetVCore                         
00006966  usbClearEndpointFeature          
000069a6  CdcResetData                     
000069e4  XT2_Start_Timeout                
00006a22  __mspabi_slll_15                 
00006a26  __mspabi_slll_14                 
00006a2a  __mspabi_slll_13                 
00006a2e  __mspabi_slll_12                 
00006a32  __mspabi_slll_11                 
00006a36  __mspabi_slll_10                 
00006a3a  __mspabi_slll_9                  
00006a3e  __mspabi_slll_8                  
00006a42  __mspabi_slll_7                  
00006a46  __mspabi_slll_6                  
00006a4a  __mspabi_slll_5                  
00006a4e  __mspabi_slll_4                  
00006a52  __mspabi_slll_3                  
00006a56  __mspabi_slll_2                  
00006a5a  __mspabi_slll_1                  
00006a60  __mspabi_srll_15                 
00006a64  __mspabi_srll_14                 
00006a68  __mspabi_srll_13                 
00006a6c  __mspabi_srll_12                 
00006a70  __mspabi_srll_11                 
00006a74  __mspabi_srll_10                 
00006a78  __mspabi_srll_9                  
00006a7c  __mspabi_srll_8                  
00006a80  __mspabi_srll_7                  
00006a84  __mspabi_srll_6                  
00006a88  __mspabi_srll_5                  
00006a8c  __mspabi_srll_4                  
00006a90  __mspabi_srll_3                  
00006a94  __mspabi_srll_2                  
00006a98  __mspabi_srll_1                  
00006b16  OEP0InterruptHandler             
00006b4e  USB_initMemcpy                   
00006bbe  PWRVBUSonHandler                 
00006bf4  evm_changeAddr                   
00006c28  initMotor1                       
00006c5c  initMotor2                       
00006c90  USB_suspend                      
00006cc2  InitMCU                          
00006cf2  USB_connectionInfo               
00006d22  XT2_Start                        
00006d52  initESPPins                      
00006db2  addMenuItem                      
00006dde  __mspabi_divi                    
00006dde  __mspabi_remi                    
00006e0a  usbGetDeviceStatus               
00006e60  memcpyV                          
00006eb2  memcpyDMA0                       
00006eda  initMenuItems                    
00006f00  setupPins                        
00006f26  __TI_zero_init                   
00006f4a  usbDisableInEndpointInterrupt    
00006f6e  usbDisableOutEndpointInterrupt   
00006f92  resetESP                         
00006fb4  sendString                       
00006fd6  usbSendDataPacketOnEP0           
00007018  calcCRC8                         
00007038  usbSetAddress                    
00007058  usbSetConfiguration              
00007078  memccpy                          
00007096  usbGetInterface                  
000070b4  usbGetInterfaceStatus            
000070d2  IEP0InterruptHandler             
000070ee  CdcIsReceiveInProgress           
00007108  USB_connect                      
00007122  USB_resume                       
0000713a  __mspabi_mpyi_f5hw               
00007152  usbClearDeviceFeature            
0000716a  usbSetDeviceFeature              
00007182  Init_Clock                       
00007198  memset                           
000071ae  __mspabi_divu                    
000071ae  __mspabi_remu                    
000071c4  usbGetConfigurationDescriptor    
000071da  usbGetDeviceDescriptor           
000071f0  USB_handleVbusOnEvent            
00007218  initScheduler                    
0000722c  memcpy                           
00007240  usbGetConfiguration              
00007254  usbReceiveDataPacketOnEP0        
00007268  usbSetControlLineState           
0000727c  __TI_decompress_none             
0000728e  usbSetInterface                  
000072a0  strlen                           
000072ae  usbInvalidRequest                
000072bc  usbSendZeroLengthPacketOnIEP0    
000072ca  usbSetLineCoding                 
000072d6  __mspabi_slli                    
000072e0  usbStallEndpoint0                
000072ea  USBCDC_handleDataReceived        
000072f2  USB_handleVbusOffEvent           
000072fa  USB_setEnabledEvents             
00007302  XT2_Stop                         
0000730a  motorEnable                      
00007312  USB_getVersion                   
00007318  C$$EXIT                          
00007318  abort                            
0000731e  usbClearOEP0ByteCount            
00007324  usbRestoreInEndpointInterrupt    
0000732a  usbRestoreOutEndpointInterrupt   
00007330  usbStallOEP0                     
00007336  USBCDC_handleReceiveCompleted    
0000733a  USBCDC_handleSendCompleted       
0000733e  USBCDC_handleSetControlLineState 
00007342  USBCDC_handleSetLineCoding       
00007346  USB_handleClockEvent             
0000734a  USB_handleEnumCompleteEvent      
0000734e  USB_handleResetEvent             
00007352  USB_handleResumeEvent            
00007356  USB_handleSuspendEvent           
0000735a  _system_pre_init                 
0000735e  _system_post_cinit               
00007362  menuReadAll                      
00007364  tUsbRequestList                  
0000756e  abromStringDescriptor            
00007694  abromConfigurationDescriptorGroup
00007732  abromDeviceDescriptor            
00007744  stUsbHandle                      
000077b4  __TI_Handler_Table_Base          
000077c0  __TI_Handler_Table_Limit         
000077cc  __TI_CINIT_Base                  
000077e4  __TI_CINIT_Limit                 
0000ffd2  __TI_int41                       
0000ffd4  __TI_int42                       
0000ffd6  __TI_int43                       
0000ffd8  __TI_int44                       
0000ffda  __TI_int45                       
0000ffdc  __TI_int46                       
0000ffde  __TI_int47                       
0000ffe0  __TI_int48                       
0000ffe2  __TI_int49                       
0000ffe4  __TI_int50                       
0000ffe6  __TI_int51                       
0000ffe8  __TI_int52                       
0000ffea  __TI_int53                       
0000ffec  __TI_int54                       
0000ffee  __TI_int55                       
0000fff0  __TI_int56                       
0000fff2  __TI_int57                       
0000fff4  __TI_int58                       
0000fff6  __TI_int59                       
0000fff8  __TI_int60                       
0000fffa  __TI_int61                       
0000fffc  __TI_int62                       
0000fffe  _reset_vector                    
ffffffff  __TI_pprof_out_hndl              
ffffffff  __TI_prof_data_size              
ffffffff  __TI_prof_data_start             
ffffffff  __c_args__                       
UNDEFED   __TI_BINIT_Base                  
UNDEFED   __TI_BINIT_Limit                 
UNDEFED   __TI_INITARRAY_Base              
UNDEFED   __TI_INITARRAY_Limit             

[992 symbols]
